// Jest Snapshot v1, https://goo.gl/fbAQLP

exports[`Pruebas en First App Debe de hacer match con el snapshot 1`] = `
<div>
  <h1>
    Soy Goku
  </h1>
  <p>
    No hay subtitulo
  </p>
  <p>
    Abraham de Le√≥n
  </p>
</div>
`;
