// Jest Snapshot v1, https://goo.gl/fbAQLP

exports[`Pruebas en Search Page should show itself correctly with default values 1`] = `
<div>
  <h1>
    Search
  </h1>
  <hr />
  <div
    class="row"
  >
    <div
      class="col-5"
    >
      <h4>
        Searching
      </h4>
      <hr />
      <form
        data-testid="formSearch"
      >
        <input
          autocomplete="off"
          class="form-control"
          name="searchText"
          placeholder="Search a hero name..."
          type="text"
          value=""
        />
        <button
          class="btn btn-outline-primary mt-1"
          data-testid="clickSubmitBtn"
        >
          Search
        </button>
      </form>
    </div>
    <div
      class="col-7"
    >
      <h4>
        Results
      </h4>
      <hr />
      <div
        class="alert alert-primary animate__animated animate__fadeIn"
        data-testid="alertHeroDiv"
      >
        Search a Hero
      </div>
      <div
        class="alert alert-danger animate__animated animate__fadeIn"
        data-testid="alertNoHeroDiv"
        style="display: none;"
      >
        No hero with 
        <b />
      </div>
    </div>
  </div>
</div>
`;
